(39) boot.esp32: SPI ï¿½ets Jun  8 2016 00:22:57

rst:0x1 (POWERON_RESET),boot:0x13 (SPI_FAST_FLASH_BOOT)
configsip: 0, SPIWP:0xee
clk_drv:0x00,q_drv:0x00,d_drv:0x00,cs0_drv:0x00,hd_drv:0x00,wp_drv:0x00
mode:DIO, clock div:2
load:0x3fff0030,len:7172
load:0x40078000,len:15540
load:0x40080400,len:4
ho 8 tail 4 room 4
load:0x40080404,len:3904
entry 0x40080640
[0;32mI (30) boot: ESP-IDF v5.2.1-dirty 2nd stage bootloader[0m
[0;32mI (30) boot: compile time Jul 24 2024 13:35:32[0m
[0;32mI (30) boot: Multicore bootloader[0m
[0;32mI (35) boot: chip revision: v1.0[0m
[0;32mI (39) boot.esp32: SPI Speed      : 40MHz[0m
[0;32mI (43) boot.esp32: SPI Mode       : DIO[0m
[0;32mI (48) boot.esp32: SPI Flash Size : 2MB[0m
[0;32mI (52) boot: Enabling RNG early entropy source...[0m
[0;32mI (58) boot: Partition Table:[0m
[0;32mI (61) boot: ## Label            Usage          Type ST Offset   Length[0m
[0;32mI (69) boot:  0 nvs              WiFi data        01 02 00009000 00006000[0m
[0;32mI (76) boot:  1 phy_init         RF data          01 01 0000f000 00001000[0m
[0;32mI (83) boot:  2 factory          factory app      00 00 00010000 00100000[0m
[0;32mI (91) boot: End of partition table[0m
[0;32mI (95) esp_image: segment 0: paddr=00010020 vaddr=3f400020 size=2164ch (136780) map[0m
[0;32mI (151) esp_image: segment 1: paddr=00031674 vaddr=3ffb0000 size=03c04h ( 15364) load[0m
[0;32mI (156) esp_image: segment 2: paddr=00035280 vaddr=40080000 size=0ad98h ( 44440) load[0m
[0;32mI (174) esp_image: segment 3: paddr=00040020 vaddr=400d0020 size=82b44h (535364) map[0m
[0;32mI (358) esp_image: segment 4: paddr=000c2b6c vaddr=4008ad98 size=0b8b4h ( 47284) load[0m
[0;32mI (388) boot: Loaded app from partition at offset 0x10000[0m
[0;32mI (388) boot: Disabling RNG early entropy source...[0m
[0;32mI (399) cpu_start: Multicore app[0m
[0;32mI (408) cpu_start: Pro cpu start user code[0m
[0;32mI (408) cpu_start: cpu freq: 160000000 Hz[0m
[0;32mI (408) cpu_start: Application information:[0m
[0;32mI (411) cpu_start: Project name:     test1[0m
[0;32mI (416) cpu_start: App version:      1[0m
[0;32mI (420) cpu_start: Compile time:     Aug 11 2024 12:31:25[0m
[0;32mI (427) cpu_start: ELF file SHA256:  5b1fa7d13...[0m
[0;32mI (432) cpu_start: ESP-IDF:          v5.2.1-dirty[0m
[0;32mI (437) cpu_start: Min chip rev:     v0.0[0m
[0;32mI (442) cpu_start: Max chip rev:     v3.99 [0m
[0;32mI (447) cpu_start: Chip rev:         v1.0[0m
[0;32mI (452) heap_init: Initializing. RAM available for dynamic allocation:[0m
[0;32mI (459) heap_init: At 3FFAE6E0 len 00001920 (6 KiB): DRAM[0m
[0;32mI (465) heap_init: At 3FFB8228 len 00027DD8 (159 KiB): DRAM[0m
[0;32mI (471) heap_init: At 3FFE0440 len 00003AE0 (14 KiB): D/IRAM[0m
[0;32mI (477) heap_init: At 3FFE4350 len 0001BCB0 (111 KiB): D/IRAM[0m
[0;32mI (484) heap_init: At 4009664C len 000099B4 (38 KiB): IRAM[0m
[0;32mI (492) spi_flash: detected chip: generic[0m
[0;32mI (495) spi_flash: flash io: dio[0m
[0;33mW (499) spi_flash: Detected size(4096k) larger than the size in the binary image header(2048k). Using the size in the binary image header.[0m
[0;32mI (513) main_task: Started on CPU0[0m
[0;32mI (523) main_task: Calling app_main()[0m
[0;32mI (553) wifi_module: ESP_WIFI_MODE_STA Initilization started ...[0m
I (563) wifi:wifi driver task: 3ffbfe70, prio:23, stack:6656, core=0
I (573) wifi:wifi firmware version: a9f5b59
I (583) wifi:wifi certification version: v7.0
I (583) wifi:config NVS flash: enabled
I (583) wifi:config nano formating: disabled
I (583) wifi:Init data frame dynamic rx buffer num: 32
I (583) wifi:Init static rx mgmt buffer num: 5
I (593) wifi:Init management short buffer num: 32
I (593) wifi:Init dynamic tx buffer num: 32
I (603) wifi:Init static rx buffer size: 1600
I (603) wifi:Init static rx buffer num: 10
I (603) wifi:Init dynamic rx buffer num: 32
[0;32mI (613) wifi_init: rx ba win: 6[0m
[0;32mI (613) wifi_init: tcpip mbox: 32[0m
[0;32mI (623) wifi_init: udp mbox: 6[0m
[0;32mI (623) wifi_init: tcp mbox: 6[0m
[0;32mI (623) wifi_init: tcp tx win: 5760[0m
[0;32mI (633) wifi_init: tcp rx win: 5760[0m
[0;32mI (633) wifi_init: tcp mss: 1440[0m
[0;32mI (643) wifi_init: WiFi IRAM OP enabled[0m
[0;32mI (643) wifi_init: WiFi RX IRAM OP enabled[0m
[0;32mI (693) phy_init: phy_version 4791,2c4672b,Dec 20 2023,16:06:06[0m
I (773) wifi:mode : sta (9c:9c:1f:c6:74:04)
I (773) wifi:enable tsf
[0;32mI (783) wifi_module: Wi-Fi started, connecting ...[0m
[0;32mI (783) wifi_module: Wi-Fi started.[0m
[0;32mI (783) main: Waiting for WiFi Connection... Count: 1[0m
[0;32mI (1783) main: Waiting for WiFi Connection... Count: 2[0m
I (2003) wifi:new:<11,0>, old:<1,0>, ap:<255,255>, sta:<11,0>, prof:1
I (2263) wifi:state: init -> auth (b0)
I (2263) wifi:state: auth -> assoc (0)
I (2273) wifi:state: assoc -> run (10)
I (2303) wifi:connected with FRITZ!Box 7530 HU, aid = 28, channel 11, BW20, bssid = 3c:37:12:90:7f:3e
I (2303) wifi:security: WPA2-PSK, phy: bgn, rssi: -57
I (2313) wifi:pm start, type: 1

I (2323) wifi:dp: 1, bi: 102400, li: 3, scale listen interval from 307200 us to 307200 us
I (2403) wifi:AP's beacon interval = 102400 us, DTIM period = 1
[0;32mI (2783) main: Waiting for WiFi Connection... Count: 3[0m
[0;32mI (3783) main: Waiting for WiFi Connection... Count: 4[0m
[0;32mI (4783) main: Waiting for WiFi Connection... Count: 5[0m
[0;32mI (5783) time_module: Initializing SNTP[0m
[0;32mI (5783) time_module: Waiting for time synchronization...[0m
[0;32mI (7783) time_module: Waiting for time synchronization...[0m
[0;32mI (9783) time_module: Waiting for time synchronization...[0m
[0;32mI (11783) time_module: Waiting for time synchronization...[0m
[0;32mI (13783) time_module: Waiting for time synchronization...[0m
[0;32mI (15783) time_module: Waiting for time synchronization...[0m
[0;32mI (17783) time_module: Waiting for time synchronization...[0m
[0;32mI (19783) time_module: Waiting for time synchronization...[0m
[0;32mI (21783) time_module: Waiting for time synchronization...[0m
[0;32mI (23783) time_module: Waiting for time synchronization...[0m
[0;32mI (25783) time_module: Waiting for time synchronization...[0m
[0;32mI (27783) time_module: Waiting for time synchronization...[0m
[0;32mI (29783) time_module: Waiting for time synchronization...[0m
[0;32mI (31783) time_module: Waiting for time synchronization...[0m
[0;32mI (33783) time_module: Waiting for time synchronization...[0m
[0;32mI (35783) time_module: Waiting for time synchronization...[0m
[0;32mI (37783) time_module: Waiting for time synchronization...[0m
[0;32mI (39783) time_module: Waiting for time synchronization...[0m
[0;32mI (41783) time_module: Waiting for time synchronization...[0m
[0;32mI (43783) time_module: Waiting for time synchronization...[0m
