Jï¿½ï¿½Ñ¹esp32: SPI Sï¿½ets Jun  8 2016 00:22:57

rst:0x1 (POWERON_RESET),boot:0x13 (SPI_FAST_FLASH_BOOT)
configsip: 0, SPIWP:0xee
clk_drv:0x00,q_drv:0x00,d_drv:0x00,cs0_drv:0x00,hd_drv:0x00,wp_drv:0x00
mode:DIO, clock div:2
load:0x3fff0030,len:7172
load:0x40078000,len:15540
load:0x40080400,len:4
ho 8 tail 4 room 4
load:0x40080404,len:3904
entry 0x40080640
[0;32mI (30) boot: ESP-IDF v5.2.1-dirty 2nd stage bootloader[0m
[0;32mI (30) boot: compile time Jul 24 2024 13:35:32[0m
[0;32mI (30) boot: Multicore bootloader[0m
[0;32mI (35) boot: chip revision: v1.0[0m
[0;32mI (39) boot.esp32: SPI Speed      : 40MHz[0m
[0;32mI (43) boot.esp32: SPI Mode       : DIO[0m
[0;32mI (48) boot.esp32: SPI Flash Size : 2MB[0m
[0;32mI (52) boot: Enabling RNG early entropy source...[0m
[0;32mI (58) boot: Partition Table:[0m
[0;32mI (61) boot: ## Label            Usage          Type ST Offset   Length[0m
[0;32mI (69) boot:  0 nvs              WiFi data        01 02 00009000 00006000[0m
[0;32mI (76) boot:  1 phy_init         RF data          01 01 0000f000 00001000[0m
[0;32mI (83) boot:  2 factory          factory app      00 00 00010000 00100000[0m
[0;32mI (91) boot: End of partition table[0m
[0;32mI (95) esp_image: segment 0: paddr=00010020 vaddr=3f400020 size=22700h (141056) map[0m
[0;32mI (152) esp_image: segment 1: paddr=00032728 vaddr=3ffb0000 size=03c14h ( 15380) load[0m
[0;32mI (158) esp_image: segment 2: paddr=00036344 vaddr=40080000 size=09cd4h ( 40148) load[0m
[0;32mI (174) esp_image: segment 3: paddr=00040020 vaddr=400d0020 size=86e70h (552560) map[0m
[0;32mI (363) esp_image: segment 4: paddr=000c6e98 vaddr=40089cd4 size=0c9d0h ( 51664) load[0m
[0;32mI (395) boot: Loaded app from partition at offset 0x10000[0m
[0;32mI (395) boot: Disabling RNG early entropy source...[0m
[0;32mI (407) cpu_start: Multicore app[0m
[0;32mI (416) cpu_start: Pro cpu start user code[0m
[0;32mI (416) cpu_start: cpu freq: 160000000 Hz[0m
[0;32mI (416) cpu_start: Application information:[0m
[0;32mI (419) cpu_start: Project name:     test1[0m
[0;32mI (423) cpu_start: App version:      1[0m
[0;32mI (428) cpu_start: Compile time:     Aug 14 2024 16:16:36[0m
[0;32mI (434) cpu_start: ELF file SHA256:  2b53774ce...[0m
[0;32mI (439) cpu_start: ESP-IDF:          v5.2.1-dirty[0m
[0;32mI (445) cpu_start: Min chip rev:     v0.0[0m
[0;32mI (449) cpu_start: Max chip rev:     v3.99 [0m
[0;32mI (454) cpu_start: Chip rev:         v1.0[0m
[0;32mI (459) heap_init: Initializing. RAM available for dynamic allocation:[0m
[0;32mI (466) heap_init: At 3FFAE6E0 len 00001920 (6 KiB): DRAM[0m
[0;32mI (472) heap_init: At 3FFB8278 len 00027D88 (159 KiB): DRAM[0m
[0;32mI (478) heap_init: At 3FFE0440 len 00003AE0 (14 KiB): D/IRAM[0m
[0;32mI (485) heap_init: At 3FFE4350 len 0001BCB0 (111 KiB): D/IRAM[0m
[0;32mI (491) heap_init: At 400966A4 len 0000995C (38 KiB): IRAM[0m
[0;32mI (499) spi_flash: detected chip: generic[0m
[0;32mI (502) spi_flash: flash io: dio[0m
[0;33mW (506) spi_flash: Detected size(4096k) larger than the size in the binary image header(2048k). Using the size in the binary image header.[0m
[0;32mI (520) main_task: Started on CPU0[0m
[0;32mI (530) main_task: Calling app_main()[0m
[0;32mI (560) wifi_module: ESP_WIFI_MODE_STA Initilization started ...[0m
I (570) wifi:wifi driver task: 3ffc0294, prio:23, stack:6656, core=0
I (590) wifi:wifi firmware version: a9f5b59
I (590) wifi:wifi certification version: v7.0
I (590) wifi:config NVS flash: enabled
I (590) wifi:config nano formating: disabled
I (590) wifi:Init data frame dynamic rx buffer num: 32
I (600) wifi:Init static rx mgmt buffer num: 5
I (600) wifi:Init management short buffer num: 32
I (600) wifi:Init dynamic tx buffer num: 32
I (610) wifi:Init static rx buffer size: 1600
I (610) wifi:Init static rx buffer num: 10
I (620) wifi:Init dynamic rx buffer num: 32
[0;32mI (620) wifi_init: rx ba win: 6[0m
[0;32mI (620) wifi_init: tcpip mbox: 32[0m
[0;32mI (630) wifi_init: udp mbox: 6[0m
[0;32mI (630) wifi_init: tcp mbox: 6[0m
[0;32mI (630) wifi_init: tcp tx win: 5760[0m
[0;32mI (640) wifi_init: tcp rx win: 5760[0m
[0;32mI (640) wifi_init: tcp mss: 1440[0m
[0;32mI (650) wifi_init: WiFi IRAM OP enabled[0m
[0;32mI (650) wifi_init: WiFi RX IRAM OP enabled[0m
[0;32mI (660) phy_init: phy_version 4791,2c4672b,Dec 20 2023,16:06:06[0m
I (740) wifi:mode : sta (9c:9c:1f:c6:74:04)
I (740) wifi:enable tsf
[0;32mI (740) wifi_module: Wi-Fi initialization done[0m
[0;32mI (740) wifi_module: Wi-Fi started, connecting to AP ...[0m
I (760) wifi:new:<6,0>, old:<1,0>, ap:<255,255>, sta:<6,0>, prof:1
I (760) wifi:state: init -> auth (b0)
I (760) wifi:state: auth -> assoc (0)
I (850) wifi:state: assoc -> run (10)
I (990) wifi:connected with SMARTments Lotte Laserstein, aid = 2, channel 6, BW20, bssid = 30:e9:8e:40:dd:c0
I (990) wifi:security: WPA2-PSK, phy: bgn, rssi: -47
I (1000) wifi:pm start, type: 1

I (1000) wifi:dp: 1, bi: 102400, li: 3, scale listen interval from 307200 us to 307200 us
I (1020) wifi:<ba-add>idx:0 (ifx:0, 30:e9:8e:40:dd:c0), tid:0, ssn:0, winSize:64
I (1030) wifi:<ba-add>idx:1 (ifx:0, 30:e9:8e:40:dd:c0), tid:6, ssn:3, winSize:64
I (1050) wifi:AP's beacon interval = 102400 us, DTIM period = 1
[0;32mI (2010) esp_netif_handlers: sta ip: 10.100.5.205, mask: 255.255.255.224, gw: 10.100.5.193[0m
[0;32mI (2010) wifi_module: STATION IP: 10.100.5.205[0m
[0;32mI (2010) wifi_module: Connected to AP[0m
[0;32mI (3020) time_module: Initializing SNTP[0m
[0;32mI (3020) time_module: Waiting for time synchronization...[0m
[0;32mI (5020) time_module: Waiting for time synchronization...[0m
[0;32mI (7020) time_module: Waiting for time synchronization...[0m
W (7990) wifi:[ADDBA]rx delba, code:37, delete tid:5
[0;32mI (7990) time_module: Time synchronization event received[0m
[0;32mI (9020) time_module: Initialized SNTP[0m
[0;32mI (9020) time_module: Time synchronized[0m
[0;32mI (9020) time_module: Obtaining Current Time[0m
[0;32mI (9020) main: Waiting for Time Print: 1[0m
[0;32mI (10020) time_module: Obtaining Current Time[0m
[0;32mI (10020) main: The Time is Wed Aug 14 16:49:03 2024[0m
[0;32mI (10020) main: Waiting for Time Print: 2[0m
[0;32mI (11020) time_module: Obtaining Current Time[0m
[0;32mI (11020) main: The Time is Wed Aug 14 16:49:04 2024[0m
[0;32mI (11020) main: Waiting for Time Print: 3[0m
[0;32mI (12020) time_module: Obtaining Current Time[0m
[0;32mI (12020) main: The Time is Wed Aug 14 16:49:05 2024[0m
[0;32mI (12020) main: Waiting for Time Print: 4[0m
[0;32mI (13020) time_module: Obtaining Current Time[0m
[0;32mI (13020) main: The Time is Wed Aug 14 16:49:06 2024[0m
[0;32mI (13020) main: Waiting for Time Print: 5[0m
[0;32mI (14020) time_module: Obtaining Current Time[0m
[0;32mI (14020) main: The Time is Wed Aug 14 16:49:07 2024[0m
[0;32mI (14020) main: Fetching simple data...[0m
[0;32mI (14020) main_task: Returned from app_main()[0m
