 (39) boot.esp32: ï¿½ets Jun  8 2016 00:22:57

rst:0x1 (POWERON_RESET),boot:0x13 (SPI_FAST_FLASH_BOOT)
configsip: 0, SPIWP:0xee
clk_drv:0x00,q_drv:0x00,d_drv:0x00,cs0_drv:0x00,hd_drv:0x00,wp_drv:0x00
mode:DIO, clock div:2
load:0x3fff0030,len:7172
load:0x40078000,len:15540
load:0x40080400,len:4
ho 8 tail 4 room 4
load:0x40080404,len:3904
entry 0x40080640
[0;32mI (30) boot: ESP-IDF v5.2.1-dirty 2nd stage bootloader[0m
[0;32mI (30) boot: compile time Jul 24 2024 13:35:32[0m
[0;32mI (30) boot: Multicore bootloader[0m
[0;32mI (35) boot: chip revision: v1.0[0m
[0;32mI (39) boot.esp32: SPI Speed      : 40MHz[0m
[0;32mI (43) boot.esp32: SPI Mode       : DIO[0m
[0;32mI (48) boot.esp32: SPI Flash Size : 2MB[0m
[0;32mI (52) boot: Enabling RNG early entropy source...[0m
[0;32mI (58) boot: Partition Table:[0m
[0;32mI (61) boot: ## Label            Usage          Type ST Offset   Length[0m
[0;32mI (69) boot:  0 nvs              WiFi data        01 02 00009000 00006000[0m
[0;32mI (76) boot:  1 phy_init         RF data          01 01 0000f000 00001000[0m
[0;32mI (84) boot:  2 factory          factory app      00 00 00010000 00100000[0m
[0;32mI (91) boot: End of partition table[0m
[0;32mI (95) esp_image: segment 0: paddr=00010020 vaddr=3f400020 size=27918h (162072) map[0m
[0;32mI (159) esp_image: segment 1: paddr=00037940 vaddr=3ffb0000 size=03c64h ( 15460) load[0m
[0;32mI (165) esp_image: segment 2: paddr=0003b5ac vaddr=40080000 size=04a6ch ( 19052) load[0m
[0;32mI (173) esp_image: segment 3: paddr=00040020 vaddr=400d0020 size=a0each (659116) map[0m
[0;32mI (399) esp_image: segment 4: paddr=000e0ed4 vaddr=40084a6c size=11c38h ( 72760) load[0m
[0;32mI (439) boot: Loaded app from partition at offset 0x10000[0m
[0;32mI (439) boot: Disabling RNG early entropy source...[0m
[0;32mI (451) cpu_start: Multicore app[0m
[0;32mI (460) cpu_start: Pro cpu start user code[0m
[0;32mI (460) cpu_start: cpu freq: 160000000 Hz[0m
[0;32mI (460) cpu_start: Application information:[0m
[0;32mI (463) cpu_start: Project name:     test1[0m
[0;32mI (468) cpu_start: App version:      1[0m
[0;32mI (472) cpu_start: Compile time:     Aug 14 2024 16:16:36[0m
[0;32mI (478) cpu_start: ELF file SHA256:  6f614f02e...[0m
[0;32mI (484) cpu_start: ESP-IDF:          v5.2.1-dirty[0m
[0;32mI (489) cpu_start: Min chip rev:     v0.0[0m
[0;32mI (494) cpu_start: Max chip rev:     v3.99 [0m
[0;32mI (498) cpu_start: Chip rev:         v1.0[0m
[0;32mI (503) heap_init: Initializing. RAM available for dynamic allocation:[0m
[0;32mI (511) heap_init: At 3FFAE6E0 len 00001920 (6 KiB): DRAM[0m
[0;32mI (516) heap_init: At 3FFB83C8 len 00027C38 (159 KiB): DRAM[0m
[0;32mI (523) heap_init: At 3FFE0440 len 00003AE0 (14 KiB): D/IRAM[0m
[0;32mI (529) heap_init: At 3FFE4350 len 0001BCB0 (111 KiB): D/IRAM[0m
[0;32mI (535) heap_init: At 400966A4 len 0000995C (38 KiB): IRAM[0m
[0;32mI (543) spi_flash: detected chip: generic[0m
[0;32mI (546) spi_flash: flash io: dio[0m
[0;33mW (550) spi_flash: Detected size(4096k) larger than the size in the binary image header(2048k). Using the size in the binary image header.[0m
[0;32mI (564) main_task: Started on CPU0[0m
[0;32mI (574) main_task: Calling app_main()[0m
[0;32mI (604) wifi_module: ESP_WIFI_MODE_STA Initilization started ...[0m
I (614) wifi:wifi driver task: 3ffc03e4, prio:23, stack:6656, core=0
I (624) wifi:wifi firmware version: a9f5b59
I (634) wifi:wifi certification version: v7.0
I (634) wifi:config NVS flash: enabled
I (634) wifi:config nano formating: disabled
I (634) wifi:Init data frame dynamic rx buffer num: 32
I (634) wifi:Init static rx mgmt buffer num: 5
I (644) wifi:Init management short buffer num: 32
I (644) wifi:Init dynamic tx buffer num: 32
I (654) wifi:Init static rx buffer size: 1600
I (654) wifi:Init static rx buffer num: 10
I (654) wifi:Init dynamic rx buffer num: 32
[0;32mI (664) wifi_init: rx ba win: 6[0m
[0;32mI (664) wifi_init: tcpip mbox: 32[0m
[0;32mI (674) wifi_init: udp mbox: 6[0m
[0;32mI (674) wifi_init: tcp mbox: 6[0m
[0;32mI (674) wifi_init: tcp tx win: 5760[0m
[0;32mI (684) wifi_init: tcp rx win: 5760[0m
[0;32mI (684) wifi_init: tcp mss: 1440[0m
[0;32mI (694) wifi_init: WiFi IRAM OP enabled[0m
[0;32mI (694) wifi_init: WiFi RX IRAM OP enabled[0m
[0;32mI (704) phy_init: phy_version 4791,2c4672b,Dec 20 2023,16:06:06[0m
I (784) wifi:mode : sta (9c:9c:1f:c6:74:04)
I (784) wifi:enable tsf
[0;32mI (794) wifi_module: Wi-Fi initialization done[0m
[0;32mI (794) wifi_module: Wi-Fi started, connecting to AP ...[0m
I (804) wifi:new:<6,0>, old:<1,0>, ap:<255,255>, sta:<6,0>, prof:1
I (804) wifi:state: init -> auth (b0)
I (804) wifi:state: auth -> assoc (0)
I (894) wifi:state: assoc -> run (10)
I (1074) wifi:connected with SMARTments Lotte Laserstein, aid = 2, channel 6, BW20, bssid = 30:e9:8e:40:dd:c0
I (1074) wifi:security: WPA2-PSK, phy: bgn, rssi: -48
I (1084) wifi:pm start, type: 1

I (1084) wifi:dp: 1, bi: 102400, li: 3, scale listen interval from 307200 us to 307200 us
I (1094) wifi:AP's beacon interval = 102400 us, DTIM period = 1
I (1104) wifi:<ba-add>idx:0 (ifx:0, 30:e9:8e:40:dd:c0), tid:0, ssn:0, winSize:64
I (1114) wifi:<ba-add>idx:1 (ifx:0, 30:e9:8e:40:dd:c0), tid:6, ssn:3, winSize:64
[0;32mI (2094) esp_netif_handlers: sta ip: 10.100.5.205, mask: 255.255.255.224, gw: 10.100.5.193[0m
[0;32mI (2094) wifi_module: STATION IP: 10.100.5.205[0m
[0;32mI (2094) wifi_module: Connected to AP[0m
[0;32mI (3104) time_module: Initializing SNTP[0m
[0;32mI (3104) time_module: Waiting for time synchronization...[0m
[0;32mI (5104) time_module: Waiting for time synchronization...[0m
W (5194) wifi:[ADDBA]rx delba, code:37, delete tid:5
[0;32mI (5204) time_module: Time synchronization event received[0m
[0;32mI (7104) time_module: Initialized SNTP[0m
[0;32mI (7104) time_module: Time synchronized[0m
[0;32mI (7104) time_module: Obtaining Current Time[0m
[0;32mI (7104) main: Fetching simple data...[0m
[0;32mI (7104) main: Fetching weather data...[0m
[0;32mI (7174) api_module: HTTP_EVENT_ON_CONNECTED[0m
[0;32mI (7184) api_module: HTTP_EVENT_HEADER_SENT[0m
[0;32mI (7344) api_module: HTTP_EVENT_ON_HEADER, key=Server, value=openresty[0m
[0;32mI (7344) api_module: HTTP_EVENT_ON_HEADER, key=Date, value=Wed, 14 Aug 2024 15:40:37 GMT[0m
[0;32mI (7354) api_module: HTTP_EVENT_ON_HEADER, key=Content-Type, value=application/json; charset=utf-8[0m
[0;32mI (7364) api_module: HTTP_EVENT_ON_HEADER, key=Content-Length, value=524[0m
[0;32mI (7364) api_module: HTTP_EVENT_ON_HEADER, key=Connection, value=keep-alive[0m
[0;32mI (7374) api_module: HTTP_EVENT_ON_HEADER, key=X-Cache-Key, value=/data/2.5/weather?q=berlin[0m
[0;32mI (7384) api_module: HTTP_EVENT_ON_HEADER, key=Access-Control-Allow-Origin, value=*[0m
[0;32mI (7394) api_module: HTTP_EVENT_ON_HEADER, key=Access-Control-Allow-Credentials, value=true[0m
[0;32mI (7404) api_module: HTTP_EVENT_ON_HEADER, key=Access-Control-Allow-Methods, value=GET, POST[0m
[0;32mI (7414) api_module: HTTP_EVENT_ON_DATA, len=191[0m
[0;32mI (7414) api_module: HTTP_EVENT_ON_DATA, len=333[0m
[0;32mI (7424) api_module: HTTP_EVENT_ON_FINISH[0m
[0;32mI (7424) api_module: Status = 200, content_length = 524[0m
[0;32mI (7434) api_module: HTTP_EVENT_DISCONNECTED[0m
[0;32mI (7444) main: The Weather is 31.74Â°C[0m
[0;32mI (7444) main_task: Returned from app_main()[0m
